../Inc/Driver/Src/stm32f401re_usart.c:7:6:USART_SetBaudRate	40	static
../Inc/Driver/Src/stm32f401re_usart.c:73:6:USART_Init	24	static
../Inc/Driver/Src/stm32f401re_usart.c:170:6:USART_PeripheralControl	16	static
../Inc/Driver/Src/stm32f401re_usart.c:182:6:USART_PeriClockControl	16	static
../Inc/Driver/Src/stm32f401re_usart.c:213:9:USART_GetFlagStatus	16	static
../Inc/Driver/Src/stm32f401re_usart.c:225:6:USART_SendData	32	static
../Inc/Driver/Src/stm32f401re_usart.c:268:7:USART_ReceiveData	32	static
../Inc/Driver/Src/stm32f401re_usart.c:316:9:USART_SendDataIT	32	static
../Inc/Driver/Src/stm32f401re_usart.c:333:9:USART_ReceiveDataIT	32	static
../Inc/Driver/Src/stm32f401re_usart.c:351:6:USART_ClearFlag	16	static
../Inc/Driver/Src/stm32f401re_usart.c:357:6:USART_IRQInterruptConfig	16	static
../Inc/Driver/Src/stm32f401re_usart.c:396:6:USART_IRQPriorityConfig	24	static
../Inc/Driver/Src/stm32f401re_usart.c:409:6:USART_IRQHandling	32	static
../Inc/Driver/Src/stm32f401re_usart.c:662:13:USART_ApplicationEventCallback	16	static
